Using source geometry database: /home/rpluo/Desktop/project_MFML_UCNP/kmc_ANP/Tm_4p5-NPT/run1/generated_geometry/source_geometry_np.sqlite
[power 1/20] building 3000 W cm^-2 for interaction mode npt
Running NPMC using the command: "/home/rpluo/Desktop/project_MFML_UCNP/RNMC/build/NPMC --nano_particle_database=/home/rpluo/Desktop/project_MFML_UCNP/kmc_ANP/Tm_4p5-NPT/run1/power_00_3000/np.sqlite --initial_state_database=/home/rpluo/Desktop/project_MFML_UCNP/kmc_ANP/Tm_4p5-NPT/run1/power_00_3000/initial_state.sqlite --number_of_simulations=8 --base_seed=1000 --thread_count=8 --step_cutoff=500000 --checkpoint=0"
[power 2/20] building 3386.51 W cm^-2 for interaction mode npt
Running NPMC using the command: "/home/rpluo/Desktop/project_MFML_UCNP/RNMC/build/NPMC --nano_particle_database=/home/rpluo/Desktop/project_MFML_UCNP/kmc_ANP/Tm_4p5-NPT/run1/power_01_3386.51/np.sqlite --initial_state_database=/home/rpluo/Desktop/project_MFML_UCNP/kmc_ANP/Tm_4p5-NPT/run1/power_01_3386.51/initial_state.sqlite --number_of_simulations=8 --base_seed=1000 --thread_count=8 --step_cutoff=500000 --checkpoint=0"
[power 3/20] building 3822.82 W cm^-2 for interaction mode npt
Running NPMC using the command: "/home/rpluo/Desktop/project_MFML_UCNP/RNMC/build/NPMC --nano_particle_database=/home/rpluo/Desktop/project_MFML_UCNP/kmc_ANP/Tm_4p5-NPT/run1/power_02_3822.82/np.sqlite --initial_state_database=/home/rpluo/Desktop/project_MFML_UCNP/kmc_ANP/Tm_4p5-NPT/run1/power_02_3822.82/initial_state.sqlite --number_of_simulations=8 --base_seed=1000 --thread_count=8 --step_cutoff=500000 --checkpoint=0"
[power 4/20] building 4315.35 W cm^-2 for interaction mode npt
Running NPMC using the command: "/home/rpluo/Desktop/project_MFML_UCNP/RNMC/build/NPMC --nano_particle_database=/home/rpluo/Desktop/project_MFML_UCNP/kmc_ANP/Tm_4p5-NPT/run1/power_03_4315.35/np.sqlite --initial_state_database=/home/rpluo/Desktop/project_MFML_UCNP/kmc_ANP/Tm_4p5-NPT/run1/power_03_4315.35/initial_state.sqlite --number_of_simulations=8 --base_seed=1000 --thread_count=8 --step_cutoff=500000 --checkpoint=0"
[power 5/20] building 4871.33 W cm^-2 for interaction mode npt
Running NPMC using the command: "/home/rpluo/Desktop/project_MFML_UCNP/RNMC/build/NPMC --nano_particle_database=/home/rpluo/Desktop/project_MFML_UCNP/kmc_ANP/Tm_4p5-NPT/run1/power_04_4871.33/np.sqlite --initial_state_database=/home/rpluo/Desktop/project_MFML_UCNP/kmc_ANP/Tm_4p5-NPT/run1/power_04_4871.33/initial_state.sqlite --number_of_simulations=8 --base_seed=1000 --thread_count=8 --step_cutoff=500000 --checkpoint=0"
[power 6/20] building 5498.94 W cm^-2 for interaction mode npt
Running NPMC using the command: "/home/rpluo/Desktop/project_MFML_UCNP/RNMC/build/NPMC --nano_particle_database=/home/rpluo/Desktop/project_MFML_UCNP/kmc_ANP/Tm_4p5-NPT/run1/power_05_5498.94/np.sqlite --initial_state_database=/home/rpluo/Desktop/project_MFML_UCNP/kmc_ANP/Tm_4p5-NPT/run1/power_05_5498.94/initial_state.sqlite --number_of_simulations=8 --base_seed=1000 --thread_count=8 --step_cutoff=500000 --checkpoint=0"
[power 7/20] building 6207.41 W cm^-2 for interaction mode npt
Running NPMC using the command: "/home/rpluo/Desktop/project_MFML_UCNP/RNMC/build/NPMC --nano_particle_database=/home/rpluo/Desktop/project_MFML_UCNP/kmc_ANP/Tm_4p5-NPT/run1/power_06_6207.41/np.sqlite --initial_state_database=/home/rpluo/Desktop/project_MFML_UCNP/kmc_ANP/Tm_4p5-NPT/run1/power_06_6207.41/initial_state.sqlite --number_of_simulations=8 --base_seed=1000 --thread_count=8 --step_cutoff=500000 --checkpoint=0"
[power 8/20] building 7007.16 W cm^-2 for interaction mode npt
Running NPMC using the command: "/home/rpluo/Desktop/project_MFML_UCNP/RNMC/build/NPMC --nano_particle_database=/home/rpluo/Desktop/project_MFML_UCNP/kmc_ANP/Tm_4p5-NPT/run1/power_07_7007.16/np.sqlite --initial_state_database=/home/rpluo/Desktop/project_MFML_UCNP/kmc_ANP/Tm_4p5-NPT/run1/power_07_7007.16/initial_state.sqlite --number_of_simulations=8 --base_seed=1000 --thread_count=8 --step_cutoff=500000 --checkpoint=0"
[power 9/20] building 7909.95 W cm^-2 for interaction mode npt
Running NPMC using the command: "/home/rpluo/Desktop/project_MFML_UCNP/RNMC/build/NPMC --nano_particle_database=/home/rpluo/Desktop/project_MFML_UCNP/kmc_ANP/Tm_4p5-NPT/run1/power_08_7909.95/np.sqlite --initial_state_database=/home/rpluo/Desktop/project_MFML_UCNP/kmc_ANP/Tm_4p5-NPT/run1/power_08_7909.95/initial_state.sqlite --number_of_simulations=8 --base_seed=1000 --thread_count=8 --step_cutoff=500000 --checkpoint=0"
[power 10/20] building 8929.05 W cm^-2 for interaction mode npt
Running NPMC using the command: "/home/rpluo/Desktop/project_MFML_UCNP/RNMC/build/NPMC --nano_particle_database=/home/rpluo/Desktop/project_MFML_UCNP/kmc_ANP/Tm_4p5-NPT/run1/power_09_8929.05/np.sqlite --initial_state_database=/home/rpluo/Desktop/project_MFML_UCNP/kmc_ANP/Tm_4p5-NPT/run1/power_09_8929.05/initial_state.sqlite --number_of_simulations=8 --base_seed=1000 --thread_count=8 --step_cutoff=500000 --checkpoint=0"
[power 11/20] building 10079.5 W cm^-2 for interaction mode npt
Running NPMC using the command: "/home/rpluo/Desktop/project_MFML_UCNP/RNMC/build/NPMC --nano_particle_database=/home/rpluo/Desktop/project_MFML_UCNP/kmc_ANP/Tm_4p5-NPT/run1/power_10_10079.5/np.sqlite --initial_state_database=/home/rpluo/Desktop/project_MFML_UCNP/kmc_ANP/Tm_4p5-NPT/run1/power_10_10079.5/initial_state.sqlite --number_of_simulations=8 --base_seed=1000 --thread_count=8 --step_cutoff=500000 --checkpoint=0"
[power 12/20] building 11378.1 W cm^-2 for interaction mode npt
Running NPMC using the command: "/home/rpluo/Desktop/project_MFML_UCNP/RNMC/build/NPMC --nano_particle_database=/home/rpluo/Desktop/project_MFML_UCNP/kmc_ANP/Tm_4p5-NPT/run1/power_11_11378.1/np.sqlite --initial_state_database=/home/rpluo/Desktop/project_MFML_UCNP/kmc_ANP/Tm_4p5-NPT/run1/power_11_11378.1/initial_state.sqlite --number_of_simulations=8 --base_seed=1000 --thread_count=8 --step_cutoff=500000 --checkpoint=0"
[power 13/20] building 12844 W cm^-2 for interaction mode npt
Running NPMC using the command: "/home/rpluo/Desktop/project_MFML_UCNP/RNMC/build/NPMC --nano_particle_database=/home/rpluo/Desktop/project_MFML_UCNP/kmc_ANP/Tm_4p5-NPT/run1/power_12_12844/np.sqlite --initial_state_database=/home/rpluo/Desktop/project_MFML_UCNP/kmc_ANP/Tm_4p5-NPT/run1/power_12_12844/initial_state.sqlite --number_of_simulations=8 --base_seed=1000 --thread_count=8 --step_cutoff=500000 --checkpoint=0"
[power 14/20] building 14498.8 W cm^-2 for interaction mode npt
Running NPMC using the command: "/home/rpluo/Desktop/project_MFML_UCNP/RNMC/build/NPMC --nano_particle_database=/home/rpluo/Desktop/project_MFML_UCNP/kmc_ANP/Tm_4p5-NPT/run1/power_13_14498.8/np.sqlite --initial_state_database=/home/rpluo/Desktop/project_MFML_UCNP/kmc_ANP/Tm_4p5-NPT/run1/power_13_14498.8/initial_state.sqlite --number_of_simulations=8 --base_seed=1000 --thread_count=8 --step_cutoff=500000 --checkpoint=0"
[power 15/20] building 16366.8 W cm^-2 for interaction mode npt
Running NPMC using the command: "/home/rpluo/Desktop/project_MFML_UCNP/RNMC/build/NPMC --nano_particle_database=/home/rpluo/Desktop/project_MFML_UCNP/kmc_ANP/Tm_4p5-NPT/run1/power_14_16366.8/np.sqlite --initial_state_database=/home/rpluo/Desktop/project_MFML_UCNP/kmc_ANP/Tm_4p5-NPT/run1/power_14_16366.8/initial_state.sqlite --number_of_simulations=8 --base_seed=1000 --thread_count=8 --step_cutoff=500000 --checkpoint=0"
[power 16/20] building 18475.4 W cm^-2 for interaction mode npt
Running NPMC using the command: "/home/rpluo/Desktop/project_MFML_UCNP/RNMC/build/NPMC --nano_particle_database=/home/rpluo/Desktop/project_MFML_UCNP/kmc_ANP/Tm_4p5-NPT/run1/power_15_18475.4/np.sqlite --initial_state_database=/home/rpluo/Desktop/project_MFML_UCNP/kmc_ANP/Tm_4p5-NPT/run1/power_15_18475.4/initial_state.sqlite --number_of_simulations=8 --base_seed=1000 --thread_count=8 --step_cutoff=500000 --checkpoint=0"
[power 17/20] building 20855.8 W cm^-2 for interaction mode npt
Running NPMC using the command: "/home/rpluo/Desktop/project_MFML_UCNP/RNMC/build/NPMC --nano_particle_database=/home/rpluo/Desktop/project_MFML_UCNP/kmc_ANP/Tm_4p5-NPT/run1/power_16_20855.8/np.sqlite --initial_state_database=/home/rpluo/Desktop/project_MFML_UCNP/kmc_ANP/Tm_4p5-NPT/run1/power_16_20855.8/initial_state.sqlite --number_of_simulations=8 --base_seed=1000 --thread_count=8 --step_cutoff=500000 --checkpoint=0"
[power 18/20] building 23542.8 W cm^-2 for interaction mode npt
Running NPMC using the command: "/home/rpluo/Desktop/project_MFML_UCNP/RNMC/build/NPMC --nano_particle_database=/home/rpluo/Desktop/project_MFML_UCNP/kmc_ANP/Tm_4p5-NPT/run1/power_17_23542.8/np.sqlite --initial_state_database=/home/rpluo/Desktop/project_MFML_UCNP/kmc_ANP/Tm_4p5-NPT/run1/power_17_23542.8/initial_state.sqlite --number_of_simulations=8 --base_seed=1000 --thread_count=8 --step_cutoff=500000 --checkpoint=0"
[power 19/20] building 26576 W cm^-2 for interaction mode npt
Running NPMC using the command: "/home/rpluo/Desktop/project_MFML_UCNP/RNMC/build/NPMC --nano_particle_database=/home/rpluo/Desktop/project_MFML_UCNP/kmc_ANP/Tm_4p5-NPT/run1/power_18_26576/np.sqlite --initial_state_database=/home/rpluo/Desktop/project_MFML_UCNP/kmc_ANP/Tm_4p5-NPT/run1/power_18_26576/initial_state.sqlite --number_of_simulations=8 --base_seed=1000 --thread_count=8 --step_cutoff=500000 --checkpoint=0"
[power 20/20] building 30000 W cm^-2 for interaction mode npt
Running NPMC using the command: "/home/rpluo/Desktop/project_MFML_UCNP/RNMC/build/NPMC --nano_particle_database=/home/rpluo/Desktop/project_MFML_UCNP/kmc_ANP/Tm_4p5-NPT/run1/power_19_30000/np.sqlite --initial_state_database=/home/rpluo/Desktop/project_MFML_UCNP/kmc_ANP/Tm_4p5-NPT/run1/power_19_30000/initial_state.sqlite --number_of_simulations=8 --base_seed=1000 --thread_count=8 --step_cutoff=500000 --checkpoint=0"
Using source geometry database: /home/rpluo/Desktop/project_MFML_UCNP/kmc_ANP/Tm_4p5-NPT/run2/generated_geometry/source_geometry_np.sqlite
[power 1/10] building 3000 W cm^-2 for interaction mode npt
Running NPMC using the command: "/home/rpluo/Desktop/project_MFML_UCNP/RNMC/build/NPMC --nano_particle_database=/home/rpluo/Desktop/project_MFML_UCNP/kmc_ANP/Tm_4p5-NPT/run2/power_00_3000/np.sqlite --initial_state_database=/home/rpluo/Desktop/project_MFML_UCNP/kmc_ANP/Tm_4p5-NPT/run2/power_00_3000/initial_state.sqlite --number_of_simulations=8 --base_seed=1000 --thread_count=8 --step_cutoff=500000 --checkpoint=0"
[power 2/10] building 3874.65 W cm^-2 for interaction mode npt
Running NPMC using the command: "/home/rpluo/Desktop/project_MFML_UCNP/RNMC/build/NPMC --nano_particle_database=/home/rpluo/Desktop/project_MFML_UCNP/kmc_ANP/Tm_4p5-NPT/run2/power_01_3874.65/np.sqlite --initial_state_database=/home/rpluo/Desktop/project_MFML_UCNP/kmc_ANP/Tm_4p5-NPT/run2/power_01_3874.65/initial_state.sqlite --number_of_simulations=8 --base_seed=1000 --thread_count=8 --step_cutoff=500000 --checkpoint=0"
[power 3/10] building 5004.3 W cm^-2 for interaction mode npt
Running NPMC using the command: "/home/rpluo/Desktop/project_MFML_UCNP/RNMC/build/NPMC --nano_particle_database=/home/rpluo/Desktop/project_MFML_UCNP/kmc_ANP/Tm_4p5-NPT/run2/power_02_5004.3/np.sqlite --initial_state_database=/home/rpluo/Desktop/project_MFML_UCNP/kmc_ANP/Tm_4p5-NPT/run2/power_02_5004.3/initial_state.sqlite --number_of_simulations=8 --base_seed=1000 --thread_count=8 --step_cutoff=500000 --checkpoint=0"
[power 4/10] building 6463.3 W cm^-2 for interaction mode npt
Running NPMC using the command: "/home/rpluo/Desktop/project_MFML_UCNP/RNMC/build/NPMC --nano_particle_database=/home/rpluo/Desktop/project_MFML_UCNP/kmc_ANP/Tm_4p5-NPT/run2/power_03_6463.3/np.sqlite --initial_state_database=/home/rpluo/Desktop/project_MFML_UCNP/kmc_ANP/Tm_4p5-NPT/run2/power_03_6463.3/initial_state.sqlite --number_of_simulations=8 --base_seed=1000 --thread_count=8 --step_cutoff=500000 --checkpoint=0"
[power 5/10] building 8347.68 W cm^-2 for interaction mode npt
Running NPMC using the command: "/home/rpluo/Desktop/project_MFML_UCNP/RNMC/build/NPMC --nano_particle_database=/home/rpluo/Desktop/project_MFML_UCNP/kmc_ANP/Tm_4p5-NPT/run2/power_04_8347.68/np.sqlite --initial_state_database=/home/rpluo/Desktop/project_MFML_UCNP/kmc_ANP/Tm_4p5-NPT/run2/power_04_8347.68/initial_state.sqlite --number_of_simulations=8 --base_seed=1000 --thread_count=8 --step_cutoff=500000 --checkpoint=0"
[power 6/10] building 10781.4 W cm^-2 for interaction mode npt
Running NPMC using the command: "/home/rpluo/Desktop/project_MFML_UCNP/RNMC/build/NPMC --nano_particle_database=/home/rpluo/Desktop/project_MFML_UCNP/kmc_ANP/Tm_4p5-NPT/run2/power_05_10781.4/np.sqlite --initial_state_database=/home/rpluo/Desktop/project_MFML_UCNP/kmc_ANP/Tm_4p5-NPT/run2/power_05_10781.4/initial_state.sqlite --number_of_simulations=8 --base_seed=1000 --thread_count=8 --step_cutoff=500000 --checkpoint=0"
[power 7/10] building 13924.8 W cm^-2 for interaction mode npt
Running NPMC using the command: "/home/rpluo/Desktop/project_MFML_UCNP/RNMC/build/NPMC --nano_particle_database=/home/rpluo/Desktop/project_MFML_UCNP/kmc_ANP/Tm_4p5-NPT/run2/power_06_13924.8/np.sqlite --initial_state_database=/home/rpluo/Desktop/project_MFML_UCNP/kmc_ANP/Tm_4p5-NPT/run2/power_06_13924.8/initial_state.sqlite --number_of_simulations=8 --base_seed=1000 --thread_count=8 --step_cutoff=500000 --checkpoint=0"
[power 8/10] building 17984.5 W cm^-2 for interaction mode npt
Running NPMC using the command: "/home/rpluo/Desktop/project_MFML_UCNP/RNMC/build/NPMC --nano_particle_database=/home/rpluo/Desktop/project_MFML_UCNP/kmc_ANP/Tm_4p5-NPT/run2/power_07_17984.5/np.sqlite --initial_state_database=/home/rpluo/Desktop/project_MFML_UCNP/kmc_ANP/Tm_4p5-NPT/run2/power_07_17984.5/initial_state.sqlite --number_of_simulations=8 --base_seed=1000 --thread_count=8 --step_cutoff=500000 --checkpoint=0"
[power 9/10] building 23227.9 W cm^-2 for interaction mode npt
Running NPMC using the command: "/home/rpluo/Desktop/project_MFML_UCNP/RNMC/build/NPMC --nano_particle_database=/home/rpluo/Desktop/project_MFML_UCNP/kmc_ANP/Tm_4p5-NPT/run2/power_08_23227.9/np.sqlite --initial_state_database=/home/rpluo/Desktop/project_MFML_UCNP/kmc_ANP/Tm_4p5-NPT/run2/power_08_23227.9/initial_state.sqlite --number_of_simulations=8 --base_seed=1000 --thread_count=8 --step_cutoff=500000 --checkpoint=0"
[power 10/10] building 30000 W cm^-2 for interaction mode npt
Running NPMC using the command: "/home/rpluo/Desktop/project_MFML_UCNP/RNMC/build/NPMC --nano_particle_database=/home/rpluo/Desktop/project_MFML_UCNP/kmc_ANP/Tm_4p5-NPT/run2/power_09_30000/np.sqlite --initial_state_database=/home/rpluo/Desktop/project_MFML_UCNP/kmc_ANP/Tm_4p5-NPT/run2/power_09_30000/initial_state.sqlite --number_of_simulations=8 --base_seed=1000 --thread_count=8 --step_cutoff=500000 --checkpoint=0"
Using source geometry database: /home/rpluo/Desktop/project_MFML_UCNP/kmc_ANP/Tm_4p5-NPT/run3/generated_geometry/source_geometry_np.sqlite
[power 1/10] building 3000 W cm^-2 for interaction mode npt
Running NPMC using the command: "/home/rpluo/Desktop/project_MFML_UCNP/RNMC/build/NPMC --nano_particle_database=/home/rpluo/Desktop/project_MFML_UCNP/kmc_ANP/Tm_4p5-NPT/run3/power_00_3000/np.sqlite --initial_state_database=/home/rpluo/Desktop/project_MFML_UCNP/kmc_ANP/Tm_4p5-NPT/run3/power_00_3000/initial_state.sqlite --number_of_simulations=8 --base_seed=1000 --thread_count=8 --step_cutoff=500000 --checkpoint=0"
[power 2/10] building 3874.65 W cm^-2 for interaction mode npt
Running NPMC using the command: "/home/rpluo/Desktop/project_MFML_UCNP/RNMC/build/NPMC --nano_particle_database=/home/rpluo/Desktop/project_MFML_UCNP/kmc_ANP/Tm_4p5-NPT/run3/power_01_3874.65/np.sqlite --initial_state_database=/home/rpluo/Desktop/project_MFML_UCNP/kmc_ANP/Tm_4p5-NPT/run3/power_01_3874.65/initial_state.sqlite --number_of_simulations=8 --base_seed=1000 --thread_count=8 --step_cutoff=500000 --checkpoint=0"
[power 3/10] building 5004.3 W cm^-2 for interaction mode npt
Running NPMC using the command: "/home/rpluo/Desktop/project_MFML_UCNP/RNMC/build/NPMC --nano_particle_database=/home/rpluo/Desktop/project_MFML_UCNP/kmc_ANP/Tm_4p5-NPT/run3/power_02_5004.3/np.sqlite --initial_state_database=/home/rpluo/Desktop/project_MFML_UCNP/kmc_ANP/Tm_4p5-NPT/run3/power_02_5004.3/initial_state.sqlite --number_of_simulations=8 --base_seed=1000 --thread_count=8 --step_cutoff=500000 --checkpoint=0"
[power 4/10] building 6463.3 W cm^-2 for interaction mode npt
Running NPMC using the command: "/home/rpluo/Desktop/project_MFML_UCNP/RNMC/build/NPMC --nano_particle_database=/home/rpluo/Desktop/project_MFML_UCNP/kmc_ANP/Tm_4p5-NPT/run3/power_03_6463.3/np.sqlite --initial_state_database=/home/rpluo/Desktop/project_MFML_UCNP/kmc_ANP/Tm_4p5-NPT/run3/power_03_6463.3/initial_state.sqlite --number_of_simulations=8 --base_seed=1000 --thread_count=8 --step_cutoff=500000 --checkpoint=0"
[power 5/10] building 8347.68 W cm^-2 for interaction mode npt
Running NPMC using the command: "/home/rpluo/Desktop/project_MFML_UCNP/RNMC/build/NPMC --nano_particle_database=/home/rpluo/Desktop/project_MFML_UCNP/kmc_ANP/Tm_4p5-NPT/run3/power_04_8347.68/np.sqlite --initial_state_database=/home/rpluo/Desktop/project_MFML_UCNP/kmc_ANP/Tm_4p5-NPT/run3/power_04_8347.68/initial_state.sqlite --number_of_simulations=8 --base_seed=1000 --thread_count=8 --step_cutoff=500000 --checkpoint=0"
[power 6/10] building 10781.4 W cm^-2 for interaction mode npt
Running NPMC using the command: "/home/rpluo/Desktop/project_MFML_UCNP/RNMC/build/NPMC --nano_particle_database=/home/rpluo/Desktop/project_MFML_UCNP/kmc_ANP/Tm_4p5-NPT/run3/power_05_10781.4/np.sqlite --initial_state_database=/home/rpluo/Desktop/project_MFML_UCNP/kmc_ANP/Tm_4p5-NPT/run3/power_05_10781.4/initial_state.sqlite --number_of_simulations=8 --base_seed=1000 --thread_count=8 --step_cutoff=500000 --checkpoint=0"
[power 7/10] building 13924.8 W cm^-2 for interaction mode npt
Running NPMC using the command: "/home/rpluo/Desktop/project_MFML_UCNP/RNMC/build/NPMC --nano_particle_database=/home/rpluo/Desktop/project_MFML_UCNP/kmc_ANP/Tm_4p5-NPT/run3/power_06_13924.8/np.sqlite --initial_state_database=/home/rpluo/Desktop/project_MFML_UCNP/kmc_ANP/Tm_4p5-NPT/run3/power_06_13924.8/initial_state.sqlite --number_of_simulations=8 --base_seed=1000 --thread_count=8 --step_cutoff=500000 --checkpoint=0"
[power 8/10] building 17984.5 W cm^-2 for interaction mode npt
Running NPMC using the command: "/home/rpluo/Desktop/project_MFML_UCNP/RNMC/build/NPMC --nano_particle_database=/home/rpluo/Desktop/project_MFML_UCNP/kmc_ANP/Tm_4p5-NPT/run3/power_07_17984.5/np.sqlite --initial_state_database=/home/rpluo/Desktop/project_MFML_UCNP/kmc_ANP/Tm_4p5-NPT/run3/power_07_17984.5/initial_state.sqlite --number_of_simulations=8 --base_seed=1000 --thread_count=8 --step_cutoff=500000 --checkpoint=0"
[power 9/10] building 23227.9 W cm^-2 for interaction mode npt
Running NPMC using the command: "/home/rpluo/Desktop/project_MFML_UCNP/RNMC/build/NPMC --nano_particle_database=/home/rpluo/Desktop/project_MFML_UCNP/kmc_ANP/Tm_4p5-NPT/run3/power_08_23227.9/np.sqlite --initial_state_database=/home/rpluo/Desktop/project_MFML_UCNP/kmc_ANP/Tm_4p5-NPT/run3/power_08_23227.9/initial_state.sqlite --number_of_simulations=8 --base_seed=1000 --thread_count=8 --step_cutoff=500000 --checkpoint=0"
[power 10/10] building 30000 W cm^-2 for interaction mode npt
Running NPMC using the command: "/home/rpluo/Desktop/project_MFML_UCNP/RNMC/build/NPMC --nano_particle_database=/home/rpluo/Desktop/project_MFML_UCNP/kmc_ANP/Tm_4p5-NPT/run3/power_09_30000/np.sqlite --initial_state_database=/home/rpluo/Desktop/project_MFML_UCNP/kmc_ANP/Tm_4p5-NPT/run3/power_09_30000/initial_state.sqlite --number_of_simulations=8 --base_seed=1000 --thread_count=8 --step_cutoff=500000 --checkpoint=0"
Using source geometry database: /home/rpluo/Desktop/project_MFML_UCNP/kmc_ANP/Tm_4p5-NPT/run1/generated_geometry/source_geometry_np.sqlite
[power 1/20] building 3000 W cm^-2 for interaction mode npt
Running NPMC using the command: "/home/rpluo/Desktop/project_MFML_UCNP/RNMC/build/NPMC --nano_particle_database=/home/rpluo/Desktop/project_MFML_UCNP/kmc_ANP/Tm_4p5-NPT/run1/power_00_3000/np.sqlite --initial_state_database=/home/rpluo/Desktop/project_MFML_UCNP/kmc_ANP/Tm_4p5-NPT/run1/power_00_3000/initial_state.sqlite --number_of_simulations=8 --base_seed=1000 --thread_count=8 --step_cutoff=2000000 --checkpoint=0"
[power 2/20] building 4432.95 W cm^-2 for interaction mode npt
Running NPMC using the command: "/home/rpluo/Desktop/project_MFML_UCNP/RNMC/build/NPMC --nano_particle_database=/home/rpluo/Desktop/project_MFML_UCNP/kmc_ANP/Tm_4p5-NPT/run1/power_01_4432.95/np.sqlite --initial_state_database=/home/rpluo/Desktop/project_MFML_UCNP/kmc_ANP/Tm_4p5-NPT/run1/power_01_4432.95/initial_state.sqlite --number_of_simulations=8 --base_seed=1000 --thread_count=8 --step_cutoff=2000000 --checkpoint=0"
[power 3/20] building 5577.94 W cm^-2 for interaction mode npt
Running NPMC using the command: "/home/rpluo/Desktop/project_MFML_UCNP/RNMC/build/NPMC --nano_particle_database=/home/rpluo/Desktop/project_MFML_UCNP/kmc_ANP/Tm_4p5-NPT/run1/power_02_5577.94/np.sqlite --initial_state_database=/home/rpluo/Desktop/project_MFML_UCNP/kmc_ANP/Tm_4p5-NPT/run1/power_02_5577.94/initial_state.sqlite --number_of_simulations=8 --base_seed=1000 --thread_count=8 --step_cutoff=2000000 --checkpoint=0"
[power 4/20] building 6455.58 W cm^-2 for interaction mode npt
Running NPMC using the command: "/home/rpluo/Desktop/project_MFML_UCNP/RNMC/build/NPMC --nano_particle_database=/home/rpluo/Desktop/project_MFML_UCNP/kmc_ANP/Tm_4p5-NPT/run1/power_03_6455.58/np.sqlite --initial_state_database=/home/rpluo/Desktop/project_MFML_UCNP/kmc_ANP/Tm_4p5-NPT/run1/power_03_6455.58/initial_state.sqlite --number_of_simulations=8 --base_seed=1000 --thread_count=8 --step_cutoff=2000000 --checkpoint=0"
[power 5/20] building 7199.03 W cm^-2 for interaction mode npt
Running NPMC using the command: "/home/rpluo/Desktop/project_MFML_UCNP/RNMC/build/NPMC --nano_particle_database=/home/rpluo/Desktop/project_MFML_UCNP/kmc_ANP/Tm_4p5-NPT/run1/power_04_7199.03/np.sqlite --initial_state_database=/home/rpluo/Desktop/project_MFML_UCNP/kmc_ANP/Tm_4p5-NPT/run1/power_04_7199.03/initial_state.sqlite --number_of_simulations=8 --base_seed=1000 --thread_count=8 --step_cutoff=2000000 --checkpoint=0"
[power 6/20] building 7873.86 W cm^-2 for interaction mode npt
Running NPMC using the command: "/home/rpluo/Desktop/project_MFML_UCNP/RNMC/build/NPMC --nano_particle_database=/home/rpluo/Desktop/project_MFML_UCNP/kmc_ANP/Tm_4p5-NPT/run1/power_05_7873.86/np.sqlite --initial_state_database=/home/rpluo/Desktop/project_MFML_UCNP/kmc_ANP/Tm_4p5-NPT/run1/power_05_7873.86/initial_state.sqlite --number_of_simulations=8 --base_seed=1000 --thread_count=8 --step_cutoff=2000000 --checkpoint=0"
[power 7/20] building 8514.53 W cm^-2 for interaction mode npt
Running NPMC using the command: "/home/rpluo/Desktop/project_MFML_UCNP/RNMC/build/NPMC --nano_particle_database=/home/rpluo/Desktop/project_MFML_UCNP/kmc_ANP/Tm_4p5-NPT/run1/power_06_8514.53/np.sqlite --initial_state_database=/home/rpluo/Desktop/project_MFML_UCNP/kmc_ANP/Tm_4p5-NPT/run1/power_06_8514.53/initial_state.sqlite --number_of_simulations=8 --base_seed=1000 --thread_count=8 --step_cutoff=2000000 --checkpoint=0"
[power 8/20] building 9142.52 W cm^-2 for interaction mode npt
Running NPMC using the command: "/home/rpluo/Desktop/project_MFML_UCNP/RNMC/build/NPMC --nano_particle_database=/home/rpluo/Desktop/project_MFML_UCNP/kmc_ANP/Tm_4p5-NPT/run1/power_07_9142.52/np.sqlite --initial_state_database=/home/rpluo/Desktop/project_MFML_UCNP/kmc_ANP/Tm_4p5-NPT/run1/power_07_9142.52/initial_state.sqlite --number_of_simulations=8 --base_seed=1000 --thread_count=8 --step_cutoff=2000000 --checkpoint=0"
[power 9/20] building 9773.62 W cm^-2 for interaction mode npt
Running NPMC using the command: "/home/rpluo/Desktop/project_MFML_UCNP/RNMC/build/NPMC --nano_particle_database=/home/rpluo/Desktop/project_MFML_UCNP/kmc_ANP/Tm_4p5-NPT/run1/power_08_9773.62/np.sqlite --initial_state_database=/home/rpluo/Desktop/project_MFML_UCNP/kmc_ANP/Tm_4p5-NPT/run1/power_08_9773.62/initial_state.sqlite --number_of_simulations=8 --base_seed=1000 --thread_count=8 --step_cutoff=2000000 --checkpoint=0"
[power 10/20] building 10421.6 W cm^-2 for interaction mode npt
Running NPMC using the command: "/home/rpluo/Desktop/project_MFML_UCNP/RNMC/build/NPMC --nano_particle_database=/home/rpluo/Desktop/project_MFML_UCNP/kmc_ANP/Tm_4p5-NPT/run1/power_09_10421.6/np.sqlite --initial_state_database=/home/rpluo/Desktop/project_MFML_UCNP/kmc_ANP/Tm_4p5-NPT/run1/power_09_10421.6/initial_state.sqlite --number_of_simulations=8 --base_seed=1000 --thread_count=8 --step_cutoff=2000000 --checkpoint=0"
[power 11/20] building 11000 W cm^-2 for interaction mode npt
Running NPMC using the command: "/home/rpluo/Desktop/project_MFML_UCNP/RNMC/build/NPMC --nano_particle_database=/home/rpluo/Desktop/project_MFML_UCNP/kmc_ANP/Tm_4p5-NPT/run1/power_10_11000/np.sqlite --initial_state_database=/home/rpluo/Desktop/project_MFML_UCNP/kmc_ANP/Tm_4p5-NPT/run1/power_10_11000/initial_state.sqlite --number_of_simulations=8 --base_seed=1000 --thread_count=8 --step_cutoff=2000000 --checkpoint=0"
[power 12/20] building 11825 W cm^-2 for interaction mode npt
Running NPMC using the command: "/home/rpluo/Desktop/project_MFML_UCNP/RNMC/build/NPMC --nano_particle_database=/home/rpluo/Desktop/project_MFML_UCNP/kmc_ANP/Tm_4p5-NPT/run1/power_11_11825/np.sqlite --initial_state_database=/home/rpluo/Desktop/project_MFML_UCNP/kmc_ANP/Tm_4p5-NPT/run1/power_11_11825/initial_state.sqlite --number_of_simulations=8 --base_seed=1000 --thread_count=8 --step_cutoff=2000000 --checkpoint=0"
[power 13/20] building 12616.2 W cm^-2 for interaction mode npt
Running NPMC using the command: "/home/rpluo/Desktop/project_MFML_UCNP/RNMC/build/NPMC --nano_particle_database=/home/rpluo/Desktop/project_MFML_UCNP/kmc_ANP/Tm_4p5-NPT/run1/power_12_12616.2/np.sqlite --initial_state_database=/home/rpluo/Desktop/project_MFML_UCNP/kmc_ANP/Tm_4p5-NPT/run1/power_12_12616.2/initial_state.sqlite --number_of_simulations=8 --base_seed=1000 --thread_count=8 --step_cutoff=2000000 --checkpoint=0"
[power 14/20] building 13501.4 W cm^-2 for interaction mode npt
Running NPMC using the command: "/home/rpluo/Desktop/project_MFML_UCNP/RNMC/build/NPMC --nano_particle_database=/home/rpluo/Desktop/project_MFML_UCNP/kmc_ANP/Tm_4p5-NPT/run1/power_13_13501.4/np.sqlite --initial_state_database=/home/rpluo/Desktop/project_MFML_UCNP/kmc_ANP/Tm_4p5-NPT/run1/power_13_13501.4/initial_state.sqlite --number_of_simulations=8 --base_seed=1000 --thread_count=8 --step_cutoff=2000000 --checkpoint=0"
[power 15/20] building 14522 W cm^-2 for interaction mode npt
Running NPMC using the command: "/home/rpluo/Desktop/project_MFML_UCNP/RNMC/build/NPMC --nano_particle_database=/home/rpluo/Desktop/project_MFML_UCNP/kmc_ANP/Tm_4p5-NPT/run1/power_14_14522/np.sqlite --initial_state_database=/home/rpluo/Desktop/project_MFML_UCNP/kmc_ANP/Tm_4p5-NPT/run1/power_14_14522/initial_state.sqlite --number_of_simulations=8 --base_seed=1000 --thread_count=8 --step_cutoff=2000000 --checkpoint=0"
[power 16/20] building 15746.4 W cm^-2 for interaction mode npt
Running NPMC using the command: "/home/rpluo/Desktop/project_MFML_UCNP/RNMC/build/NPMC --nano_particle_database=/home/rpluo/Desktop/project_MFML_UCNP/kmc_ANP/Tm_4p5-NPT/run1/power_15_15746.4/np.sqlite --initial_state_database=/home/rpluo/Desktop/project_MFML_UCNP/kmc_ANP/Tm_4p5-NPT/run1/power_15_15746.4/initial_state.sqlite --number_of_simulations=8 --base_seed=1000 --thread_count=8 --step_cutoff=2000000 --checkpoint=0"
[power 17/20] building 17300.3 W cm^-2 for interaction mode npt
Running NPMC using the command: "/home/rpluo/Desktop/project_MFML_UCNP/RNMC/build/NPMC --nano_particle_database=/home/rpluo/Desktop/project_MFML_UCNP/kmc_ANP/Tm_4p5-NPT/run1/power_16_17300.3/np.sqlite --initial_state_database=/home/rpluo/Desktop/project_MFML_UCNP/kmc_ANP/Tm_4p5-NPT/run1/power_16_17300.3/initial_state.sqlite --number_of_simulations=8 --base_seed=1000 --thread_count=8 --step_cutoff=2000000 --checkpoint=0"
[power 18/20] building 19450.5 W cm^-2 for interaction mode npt
Running NPMC using the command: "/home/rpluo/Desktop/project_MFML_UCNP/RNMC/build/NPMC --nano_particle_database=/home/rpluo/Desktop/project_MFML_UCNP/kmc_ANP/Tm_4p5-NPT/run1/power_17_19450.5/np.sqlite --initial_state_database=/home/rpluo/Desktop/project_MFML_UCNP/kmc_ANP/Tm_4p5-NPT/run1/power_17_19450.5/initial_state.sqlite --number_of_simulations=8 --base_seed=1000 --thread_count=8 --step_cutoff=2000000 --checkpoint=0"
[power 19/20] building 22900.5 W cm^-2 for interaction mode npt
Running NPMC using the command: "/home/rpluo/Desktop/project_MFML_UCNP/RNMC/build/NPMC --nano_particle_database=/home/rpluo/Desktop/project_MFML_UCNP/kmc_ANP/Tm_4p5-NPT/run1/power_18_22900.5/np.sqlite --initial_state_database=/home/rpluo/Desktop/project_MFML_UCNP/kmc_ANP/Tm_4p5-NPT/run1/power_18_22900.5/initial_state.sqlite --number_of_simulations=8 --base_seed=1000 --thread_count=8 --step_cutoff=2000000 --checkpoint=0"
[power 20/20] building 30000 W cm^-2 for interaction mode npt
Running NPMC using the command: "/home/rpluo/Desktop/project_MFML_UCNP/RNMC/build/NPMC --nano_particle_database=/home/rpluo/Desktop/project_MFML_UCNP/kmc_ANP/Tm_4p5-NPT/run1/power_19_30000/np.sqlite --initial_state_database=/home/rpluo/Desktop/project_MFML_UCNP/kmc_ANP/Tm_4p5-NPT/run1/power_19_30000/initial_state.sqlite --number_of_simulations=8 --base_seed=1000 --thread_count=8 --step_cutoff=2000000 --checkpoint=0"
Using source geometry database: /home/rpluo/Desktop/project_MFML_UCNP/kmc_ANP/Tm_4p5-NPT/run2/generated_geometry/source_geometry_np.sqlite
[power 1/20] building 3000 W cm^-2 for interaction mode npt
Running NPMC using the command: "/home/rpluo/Desktop/project_MFML_UCNP/RNMC/build/NPMC --nano_particle_database=/home/rpluo/Desktop/project_MFML_UCNP/kmc_ANP/Tm_4p5-NPT/run2/power_00_3000/np.sqlite --initial_state_database=/home/rpluo/Desktop/project_MFML_UCNP/kmc_ANP/Tm_4p5-NPT/run2/power_00_3000/initial_state.sqlite --number_of_simulations=8 --base_seed=1000 --thread_count=8 --step_cutoff=2000000 --checkpoint=0"
[power 2/20] building 4432.95 W cm^-2 for interaction mode npt
Running NPMC using the command: "/home/rpluo/Desktop/project_MFML_UCNP/RNMC/build/NPMC --nano_particle_database=/home/rpluo/Desktop/project_MFML_UCNP/kmc_ANP/Tm_4p5-NPT/run2/power_01_4432.95/np.sqlite --initial_state_database=/home/rpluo/Desktop/project_MFML_UCNP/kmc_ANP/Tm_4p5-NPT/run2/power_01_4432.95/initial_state.sqlite --number_of_simulations=8 --base_seed=1000 --thread_count=8 --step_cutoff=2000000 --checkpoint=0"
